PyTorch: 2.13.0+cu126
Training device: CPU (lambeq tensor contraction)
Reading: /home/ubuntu/Accelerating-hybrid-quantum-classical-machine-learning-tasks-on-HPC-platforms/data/processed/trec_pairs_500.txt
Training configuration: lr=0.001, weight_decay=1e-05, hidden_dim=16, dropout=0.05, patience=120, iqp_layers=1, sentence_qubits=2
Loaded 500 examples.
Created stratified random train/development/test split.
Training: 405 | Development: 45 | Test: 50
   training: 405 examples | labels {0: 202, 1: 203}
development:  45 examples | labels {0: 23, 1: 22}
       test:  50 examples | labels {0: 25, 1: 25}
Built 799 cups_reader diagrams in 0.74 s.
Applied 1-layer two-qubit lambeq IQPAnsatz to 799 diagrams in 16.53 s.
Training circuit symbols: 4915
Development/test circuit symbols: 1567
Unseen development/test symbols: 690
WARNING:development/test contain symbols absent from training.
This run is for pipeline testing only.
Trainable lambeq symbols: 5605
Circuit output dimension: 4
Epoch 5:    train/loss: 0.6831   valid/loss: 0.7016   train/time: 5m59s   valid/time: 30.39s   train/acc: 0.5951   train/loss: 0.6728   valid/acc: 0.5556   valid/loss: 0.7016
Epoch 10:   train/loss: 0.6273   valid/loss: 0.8103   train/time: 5m57s   valid/time: 30.35s   train/acc: 0.7432   train/loss: 0.4682   valid/acc: 0.5111   valid/loss: 0.8103
Epoch 15:   train/loss: 0.1462   valid/loss: 1.2959   train/time: 5m52s   valid/time: 30.60s   train/acc: 0.9333   train/loss: 0.1814   valid/acc: 0.4889   valid/loss: 1.2959
Epoch 20:   train/loss: 0.0970   valid/loss: 1.5611   train/time: 5m36s   valid/time: 31.27s   train/acc: 0.9827   train/loss: 0.0697   valid/acc: 0.4667   valid/loss: 1.5611
