PyTorch: 2.13.0+cu126
PyTorch CUDA build: 12.6
Training device: cuda:0 (Tesla V100S-PCIE-32GB)
Reading: /home/ubuntu/Accelerating-hybrid-quantum-classical-machine-learning-tasks-on-HPC-platforms/data/processed/MC1.txt
Training configuration: lr=0.001, weight_decay=1e-05, hidden_dim=16, dropout=0.05, patience=20, iqp_layers=1, sentence_qubits=2
Loaded 100 examples.
Complete sentences are disjoint across training/development/test.
Retained 90 of 100 pairs; dropped 10 cross-split pairs.
   training:  64 examples | labels {0: 29, 1: 35}
development:  13 examples | labels {0: 6, 1: 7}
       test:  13 examples | labels {0: 7, 1: 6}
Built 83 cups_reader diagrams in 0.02 s.
Applied 1-layer two-qubit lambeq IQPAnsatz to 83 diagrams in 0.83 s.
Trainable lambeq symbols: 49
Circuit output dimension: 4
/home/ubuntu/Accelerating-hybrid-quantum-classical-machine-learning-tasks-on-HPC-platforms/.venv/lib/python3.12/site-packages/torch/__init__.py:1332: UserWarning: torch.set_default_tensor_type() is deprecated as of PyTorch 2.1, please use torch.set_default_dtype() and torch.set_default_device() as alternatives. (Triggered internally at /__w/pytorch/pytorch/torch/csrc/tensor/python_tensor.cpp:434.)
  _C._set_default_tensor_type(t)
Model parameter device: cuda:0
Epoch 5:    train/loss: 0.6501   valid/loss: 0.6562   train/time: 33.44s   valid/time: 4.97s   train/acc: 0.5469   train/loss: 0.6727   valid/acc: 0.5385   valid/loss: 0.6562
Epoch 10:   train/loss: 0.5691   valid/loss: 0.5657   train/time: 30.94s   valid/time: 5.08s   train/acc: 0.9844   train/loss: 0.5772   valid/acc: 0.9231   valid/loss: 0.5657
Epoch 15:   train/loss: 0.2816   valid/loss: 0.2860   train/time: 31.97s   valid/time: 4.96s   train/acc: 1.0000   train/loss: 0.3004   valid/acc: 1.0000   valid/loss: 0.2860
Epoch 20:   train/loss: 0.0999   valid/loss: 0.1064   train/time: 32.48s   valid/time: 5.04s   train/acc: 1.0000   train/loss: 0.1106   valid/acc: 1.0000   valid/loss: 0.1064
Epoch 25:   train/loss: 0.0239   valid/loss: 0.0497   train/time: 30.77s   valid/time: 5.30s   train/acc: 1.0000   train/loss: 0.0398   valid/acc: 1.0000   valid/loss: 0.0497
Epoch 30:   train/loss: 0.0146   valid/loss: 0.0182   train/time: 31.65s   valid/time: 5.26s   train/acc: 1.0000   train/loss: 0.0233   valid/acc: 1.0000   valid/loss: 0.0182
Epoch 35:   train/loss: 0.0124   valid/loss: 0.0154   train/time: 32.78s   valid/time: 5.66s   train/acc: 1.0000   train/loss: 0.0119   valid/acc: 1.0000   valid/loss: 0.0154
Epoch 40:   train/loss: 0.0174   valid/loss: 0.0079   train/time: 32.95s   valid/time: 5.30s   train/acc: 1.0000   train/loss: 0.0092   valid/acc: 1.0000   valid/loss: 0.0079
Epoch 45:   train/loss: 0.0099   valid/loss: 0.0069   train/time: 32.86s   valid/time: 5.15s   train/acc: 1.0000   train/loss: 0.0065   valid/acc: 1.0000   valid/loss: 0.0069
Epoch 50:   train/loss: 0.0034   valid/loss: 0.0055   train/time: 34.10s   valid/time: 5.58s   train/acc: 1.0000   train/loss: 0.0046   valid/acc: 1.0000   valid/loss: 0.0055
Epoch 55:   train/loss: 0.0028   valid/loss: 0.0049   train/time: 33.08s   valid/time: 5.28s   train/acc: 1.0000   train/loss: 0.0038   valid/acc: 1.0000   valid/loss: 0.0049
Epoch 60:   train/loss: 0.0029   valid/loss: 0.0022   train/time: 31.85s   valid/time: 5.62s   train/acc: 1.0000   train/loss: 0.0028   valid/acc: 1.0000   valid/loss: 0.0022
Epoch 65:   train/loss: 0.0016   valid/loss: 0.0028   train/time: 32.64s   valid/time: 5.32s   train/acc: 1.0000   train/loss: 0.0023   valid/acc: 1.0000   valid/loss: 0.0028
Epoch 70:   train/loss: 0.0013   valid/loss: 0.0020   train/time: 30.68s   valid/time: 5.35s   train/acc: 1.0000   train/loss: 0.0018   valid/acc: 1.0000   valid/loss: 0.0020
Epoch 75:   train/loss: 0.0012   valid/loss: 0.0017   train/time: 31.10s   valid/time: 5.01s   train/acc: 1.0000   train/loss: 0.0018   valid/acc: 1.0000   valid/loss: 0.0017
Epoch 80:   train/loss: 0.0011   valid/loss: 0.0010   train/time: 31.57s   valid/time: 4.97s   train/acc: 1.0000   train/loss: 0.0015   valid/acc: 1.0000   valid/loss: 0.0010
Epoch 85:   train/loss: 0.0011   valid/loss: 0.0014   train/time: 30.59s   valid/time: 4.96s   train/acc: 1.0000   train/loss: 0.0021   valid/acc: 1.0000   valid/loss: 0.0014
Epoch 90:   train/loss: 0.0013   valid/loss: 0.0010   train/time: 31.17s   valid/time: 5.06s   train/acc: 1.0000   train/loss: 0.0014   valid/acc: 1.0000   valid/loss: 0.0010
Epoch 95:   train/loss: 0.0008   valid/loss: 0.0010   train/time: 31.13s   valid/time: 4.98s   train/acc: 1.0000   train/loss: 0.0009   valid/acc: 1.0000   valid/loss: 0.0010
Epoch 100:  train/loss: 0.0016   valid/loss: 0.0011   train/time: 30.76s   valid/time: 4.94s   train/acc: 1.0000   train/loss: 0.0011   valid/acc: 1.0000   valid/loss: 0.0011
Epoch 105:  train/loss: 0.0008   valid/loss: 0.0009   train/time: 30.74s   valid/time: 4.96s   train/acc: 1.0000   train/loss: 0.0008   valid/acc: 1.0000   valid/loss: 0.0009
Epoch 110:  train/loss: 0.0007   valid/loss: 0.0007   train/time: 31.02s   valid/time: 4.95s   train/acc: 1.0000   train/loss: 0.0008   valid/acc: 1.0000   valid/loss: 0.0007
Epoch 115:  train/loss: 0.0004   valid/loss: 0.0005   train/time: 30.04s   valid/time: 5.49s   train/acc: 1.0000   train/loss: 0.0006   valid/acc: 1.0000   valid/loss: 0.0005
Epoch 120:  train/loss: 0.0006   valid/loss: 0.0005   train/time: 30.82s   valid/time: 4.97s   train/acc: 1.0000   train/loss: 0.0006   valid/acc: 1.0000   valid/loss: 0.0005

Training completed!
train/time: 12m41s   train/time_per_epoch: 6.34s   train/time_per_step: 0.79s   valid/time: 2m4s   valid/time_per_eval: 1.03s
Training completed in 887.77 s.
Loaded best checkpoint: /home/ubuntu/Accelerating-hybrid-quantum-classical-machine-learning-tasks-on-HPC-platforms/outputs/mc1_iqp_cups_gpu/training_logs/best_model.lt
Training prediction counts: {0: 29, 1: 35}
Development prediction counts: {0: 6, 1: 7}
Test prediction counts: {0: 7, 1: 6}
Selected epoch: 112 (minimum development loss)
Selected development metrics: accuracy=1.0000, loss=0.0004
Test accuracy: 1.0000
                      precision    recall  f1-score   support

different domain (0)     1.0000    1.0000    1.0000         7
     same domain (1)     1.0000    1.0000    1.0000         6

            accuracy                         1.0000        13
           macro avg     1.0000    1.0000    1.0000        13
        weighted avg     1.0000    1.0000    1.0000        13

Outputs saved in: /home/ubuntu/Accelerating-hybrid-quantum-classical-machine-learning-tasks-on-HPC-platforms/outputs/mc1_iqp_cups_gpu
